21:58:23 reference rep 1 start:  21:58:23 up 17:30,  1 user,  load average: 0.60, 1.55, 2.06
22:03:07 reference rep 1 end:    22:03:07 up 17:35,  1 user,  load average: 3.87, 2.61, 2.33
22:03:10 reference rep 1 start:  22:03:10 up 17:35,  1 user,  load average: 3.56, 2.56, 2.32
22:11:41 reference rep 1 end:    22:11:41 up 17:44,  1 user,  load average: 3.73, 3.21, 2.63
22:11:49 reference rep 1 start:  22:11:49 up 17:44,  1 user,  load average: 3.16, 3.10, 2.61
22:19:06 reference rep 1 end:    22:19:06 up 17:51,  1 user,  load average: 4.60, 3.65, 2.96
22:19:10 reference rep 1 start:  22:19:10 up 17:51,  1 user,  load average: 4.23, 3.59, 2.95
22:23:59 reference rep 1 end:    22:23:59 up 17:56,  1 user,  load average: 3.27, 3.24, 2.91
22:24:03 rust rep 1 start:  22:24:03 up 17:56,  1 user,  load average: 3.27, 3.24, 2.91
22:31:15 rust rep 1 end:    22:31:15 up 18:03,  1 user,  load average: 4.51, 3.77, 3.20
22:31:18 rust rep 1 start:  22:31:18 up 18:03,  1 user,  load average: 4.15, 3.71, 3.19
22:38:51 rust rep 1 end:    22:38:51 up 18:11,  1 user,  load average: 4.92, 4.25, 3.53
22:38:54 rust rep 1 start:  22:38:54 up 18:11,  1 user,  load average: 4.52, 4.18, 3.51
22:46:42 rust rep 1 end:    22:46:42 up 18:19,  1 user,  load average: 5.00, 4.30, 3.70
22:46:47 fsharp rep 1 start:  22:46:47 up 18:19,  1 user,  load average: 4.60, 4.23, 3.68
22:50:26 fsharp rep 1 end:    22:50:26 up 18:22,  1 user,  load average: 8.91, 5.03, 3.98
22:50:31 fsharp rep 1 start:  22:50:31 up 18:22,  1 user,  load average: 8.19, 4.95, 3.96
22:55:40 fsharp rep 1 end:    22:55:40 up 18:28,  1 user,  load average: 10.63, 6.22, 4.51
22:55:43 fsharp rep 1 start:  22:55:43 up 18:28,  1 user,  load average: 10.63, 6.22, 4.51
23:01:02 fsharp rep 1 end:    23:01:02 up 18:33,  1 user,  load average: 10.48, 6.73, 4.93
23:01:05 fsharp rep 1 start:  23:01:05 up 18:33,  1 user,  load average: 9.64, 6.62, 4.91
23:05:24 fsharp rep 1 end:    23:05:24 up 18:37,  1 user,  load average: 5.36, 4.73, 4.41
23:05:27 fsharp rep 1 start:  23:05:27 up 18:37,  1 user,  load average: 5.36, 4.73, 4.41
23:10:09 fsharp rep 1 end:    23:10:09 up 18:42,  1 user,  load average: 3.71, 3.81, 4.04
23:10:13 fsharp rep 1 start:  23:10:13 up 18:42,  1 user,  load average: 3.58, 3.78, 4.03
23:13:31 fsharp rep 1 end:    23:13:31 up 18:45,  1 user,  load average: 7.37, 4.54, 4.18
23:13:35 fsharp rep 1 start:  23:13:35 up 18:46,  1 user,  load average: 6.78, 4.47, 4.16
23:20:51 fsharp rep 1 end:    23:20:51 up 18:53,  1 user,  load average: 7.48, 5.69, 4.63
23:21:03 fsharp rep 2 start:  23:21:03 up 18:53,  1 user,  load average: 6.33, 5.50, 4.58
23:24:52 fsharp rep 2 end:    23:24:52 up 18:57,  1 user,  load average: 6.81, 4.99, 4.45
23:24:52 fsharp rep 2 start:  23:24:52 up 18:57,  1 user,  load average: 6.81, 4.99, 4.45
23:29:51 fsharp rep 2 end:    23:29:51 up 19:02,  1 user,  load average: 10.34, 6.35, 4.93
23:29:52 fsharp rep 2 start:  23:29:52 up 19:02,  1 user,  load average: 10.34, 6.35, 4.93
23:35:10 fsharp rep 2 end:    23:35:10 up 19:07,  1 user,  load average: 12.72, 7.28, 5.40
23:35:11 fsharp rep 2 start:  23:35:11 up 19:07,  1 user,  load average: 12.72, 7.28, 5.40
23:39:39 fsharp rep 2 end:    23:39:39 up 19:12,  1 user,  load average: 5.91, 4.95, 4.75
23:39:40 fsharp rep 2 start:  23:39:40 up 19:12,  1 user,  load average: 5.91, 4.95, 4.75
23:44:31 fsharp rep 2 end:    23:44:31 up 19:16,  1 user,  load average: 4.23, 4.08, 4.34
23:44:31 fsharp rep 2 start:  23:44:31 up 19:16,  1 user,  load average: 4.23, 4.08, 4.34
23:48:00 fsharp rep 2 end:    23:48:00 up 19:20,  1 user,  load average: 5.92, 4.10, 4.22
23:48:00 fsharp rep 2 start:  23:48:00 up 19:20,  1 user,  load average: 5.92, 4.10, 4.22
23:56:10 fsharp rep 2 end:    23:56:10 up 19:28,  1 user,  load average: 6.23, 5.16, 4.50
23:56:17 rust rep 2 start:  23:56:17 up 19:28,  1 user,  load average: 5.73, 5.07, 4.47
00:04:27 rust rep 2 end:    00:04:27 up 19:36,  1 user,  load average: 4.44, 3.90, 3.98
00:04:28 rust rep 2 start:  00:04:28 up 19:36,  1 user,  load average: 4.44, 3.90, 3.98
00:12:01 rust rep 2 end:    00:12:01 up 19:44,  1 user,  load average: 5.42, 4.64, 4.20
00:12:01 rust rep 2 start:  00:12:01 up 19:44,  1 user,  load average: 5.42, 4.64, 4.20
00:19:03 rust rep 2 end:    00:19:03 up 19:51,  1 user,  load average: 5.66, 4.32, 4.04
00:19:12 reference rep 2 start:  00:19:12 up 19:51,  1 user,  load average: 4.79, 4.18, 3.99
00:24:52 reference rep 2 end:    00:24:52 up 19:57,  1 user,  load average: 4.14, 3.51, 3.65
00:24:52 reference rep 2 start:  00:24:52 up 19:57,  1 user,  load average: 4.14, 3.51, 3.65
00:32:37 reference rep 2 end:    00:32:37 up 20:05,  1 user,  load average: 5.13, 3.49, 3.42
00:32:37 reference rep 2 start:  00:32:37 up 20:05,  1 user,  load average: 5.13, 3.49, 3.42
00:40:24 reference rep 2 end:    00:40:24 up 20:12,  1 user,  load average: 4.68, 4.03, 3.60
00:40:25 reference rep 2 start:  00:40:25 up 20:12,  1 user,  load average: 4.31, 3.97, 3.58
00:43:12 reference rep 2 end:    00:43:12 up 20:15,  1 user,  load average: 3.04, 3.13, 3.29
00:43:27 reference rep 3 start:  00:43:27 up 20:15,  1 user,  load average: 2.36, 2.97, 3.24
00:49:17 reference rep 3 end:    00:49:17 up 20:21,  1 user,  load average: 3.83, 3.20, 3.18
00:49:17 reference rep 3 start:  00:49:17 up 20:21,  1 user,  load average: 3.83, 3.20, 3.18
00:56:46 reference rep 3 end:    00:56:46 up 20:29,  1 user,  load average: 5.21, 3.56, 3.21
00:56:47 reference rep 3 start:  00:56:47 up 20:29,  1 user,  load average: 5.21, 3.56, 3.21
01:04:34 reference rep 3 end:    01:04:34 up 20:36,  1 user,  load average: 5.47, 4.39, 3.62
01:04:35 reference rep 3 start:  01:04:35 up 20:36,  1 user,  load average: 5.47, 4.39, 3.62
01:07:32 reference rep 3 end:    01:07:32 up 20:39,  1 user,  load average: 3.27, 3.45, 3.35
01:07:32 rust rep 3 start:  01:07:32 up 20:39,  1 user,  load average: 3.27, 3.45, 3.35
01:14:45 rust rep 3 end:    01:14:45 up 20:47,  1 user,  load average: 3.76, 3.54, 3.35
01:14:45 rust rep 3 start:  01:14:45 up 20:47,  1 user,  load average: 3.46, 3.49, 3.34
01:22:08 rust rep 3 end:    01:22:08 up 20:54,  1 user,  load average: 4.87, 4.40, 3.78
01:22:08 rust rep 3 start:  01:22:08 up 20:54,  1 user,  load average: 4.87, 4.40, 3.78
01:30:12 rust rep 3 end:    01:30:12 up 21:02,  1 user,  load average: 5.91, 4.58, 3.93
01:30:27 fsharp rep 3 start:  01:30:27 up 21:02,  1 user,  load average: 4.60, 4.35, 3.87
01:34:55 fsharp rep 3 end:    01:34:55 up 21:07,  1 user,  load average: 12.23, 6.95, 4.84
01:34:56 fsharp rep 3 start:  01:34:56 up 21:07,  1 user,  load average: 11.25, 6.84, 4.82
01:40:25 fsharp rep 3 end:    01:40:25 up 21:12,  1 user,  load average: 11.12, 7.04, 5.18
01:40:25 fsharp rep 3 start:  01:40:25 up 21:12,  1 user,  load average: 11.12, 7.04, 5.18
01:45:54 fsharp rep 3 end:    01:45:54 up 21:18,  1 user,  load average: 15.85, 8.90, 6.08
01:45:54 fsharp rep 3 start:  01:45:54 up 21:18,  1 user,  load average: 15.85, 8.90, 6.08
01:50:43 fsharp rep 3 end:    01:50:43 up 21:23,  1 user,  load average: 5.64, 5.37, 5.16
01:50:44 fsharp rep 3 start:  01:50:44 up 21:23,  1 user,  load average: 5.64, 5.37, 5.16
01:55:24 fsharp rep 3 end:    01:55:24 up 21:27,  1 user,  load average: 4.43, 4.19, 4.63
01:55:24 fsharp rep 3 start:  01:55:24 up 21:27,  1 user,  load average: 4.43, 4.19, 4.63
01:58:53 fsharp rep 3 end:    01:58:53 up 21:31,  1 user,  load average: 6.92, 4.46, 4.55
01:58:53 fsharp rep 3 start:  01:58:53 up 21:31,  1 user,  load average: 6.92, 4.46, 4.55
02:06:55 fsharp rep 3 end:    02:06:55 up 21:39,  1 user,  load average: 5.51, 5.12, 4.66
